19:30:58.409 [main] DEBUG org.apache.poi.openxml4j.opc.PackageRelationshipCollection - Parsing relationship: /xl/worksheets/_rels/sheet2.xml.rels
19:30:58.409 [main] DEBUG org.apache.poi.openxml4j.opc.PackageRelationshipCollection - Parsing relationship: /xl/worksheets/_rels/sheet3.xml.rels
19:30:58.409 [main] DEBUG org.apache.poi.openxml4j.opc.PackageRelationshipCollection - Parsing relationship: /_rels/.rels
19:30:58.420 [main] DEBUG org.apache.poi.ooxml.POIXMLFactory - using default POIXMLDocumentPart for http://schemas.openxmlformats.org/officeDocument/2006/relationships/printerSettings
19:30:58.493 [main] DEBUG org.apache.poi.openxml4j.opc.PackageRelationshipCollection - Parsing relationship: /xl/_rels/workbook.xml.rels
19:30:58.493 [main] DEBUG org.apache.poi.openxml4j.opc.PackageRelationshipCollection - Parsing relationship: /xl/worksheets/_rels/sheet1.xml.rels
19:30:58.493 [main] DEBUG org.apache.poi.openxml4j.opc.PackageRelationshipCollection - Parsing relationship: /xl/worksheets/_rels/sheet2.xml.rels
19:30:58.493 [main] DEBUG org.apache.poi.openxml4j.opc.PackageRelationshipCollection - Parsing relationship: /xl/worksheets/_rels/sheet3.xml.rels
19:30:58.493 [main] DEBUG org.apache.poi.openxml4j.opc.PackageRelationshipCollection - Parsing relationship: /_rels/.rels
19:30:58.499 [main] DEBUG org.apache.poi.ooxml.POIXMLFactory - using default POIXMLDocumentPart for http://schemas.openxmlformats.org/officeDocument/2006/relationships/printerSettings
19:30:58.509 [main] DEBUG org.apache.poi.openxml4j.opc.PackageRelationshipCollection - Parsing relationship: /xl/_rels/workbook.xml.rels
19:30:58.509 [main] DEBUG org.apache.poi.openxml4j.opc.PackageRelationshipCollection - Parsing relationship: /xl/worksheets/_rels/sheet1.xml.rels
19:30:58.509 [main] DEBUG org.apache.poi.openxml4j.opc.PackageRelationshipCollection - Parsing relationship: /xl/worksheets/_rels/sheet2.xml.rels
19:30:58.509 [main] DEBUG org.apache.poi.openxml4j.opc.PackageRelationshipCollection - Parsing relationship: /xl/worksheets/_rels/sheet3.xml.rels
19:30:58.509 [main] DEBUG org.apache.poi.openxml4j.opc.PackageRelationshipCollection - Parsing relationship: /_rels/.rels
19:30:58.514 [main] DEBUG org.apache.poi.ooxml.POIXMLFactory - using default POIXMLDocumentPart for http://schemas.openxmlformats.org/officeDocument/2006/relationships/printerSettings
19:30:58.524 [main] DEBUG org.apache.poi.openxml4j.opc.PackageRelationshipCollection - Parsing relationship: /xl/_rels/workbook.xml.rels
19:30:58.524 [main] DEBUG org.apache.poi.openxml4j.opc.PackageRelationshipCollection - Parsing relationship: /xl/worksheets/_rels/sheet1.xml.rels
19:30:58.524 [main] DEBUG org.apache.poi.openxml4j.opc.PackageRelationshipCollection - Parsing relationship: /xl/worksheets/_rels/sheet2.xml.rels
19:30:58.524 [main] DEBUG org.apache.poi.openxml4j.opc.PackageRelationshipCollection - Parsing relationship: /xl/worksheets/_rels/sheet3.xml.rels
19:30:58.524 [main] DEBUG org.apache.poi.openxml4j.opc.PackageRelationshipCollection - Parsing relationship: /_rels/.rels
19:30:58.530 [main] DEBUG org.apache.poi.ooxml.POIXMLFactory - using default POIXMLDocumentPart for http://schemas.openxmlformats.org/officeDocument/2006/relationships/printerSettings
19:30:58.569 [main] INFO  testCases.TC_003_LoginDTT - **** Starting Test on TC_003_LoginDTT ****
19:31:01.015 [main] INFO  testCases.TC_003_LoginDTT - **** Test Completed on TC_003_LoginDTT ****
19:31:01.027 [main] INFO  testCases.TC_003_LoginDTT - **** Starting Test on TC_003_LoginDTT ****
19:31:03.225 [main] INFO  testCases.TC_003_LoginDTT - **** Test Completed on TC_003_LoginDTT ****
19:31:03.226 [main] INFO  testCases.TC_003_LoginDTT - **** Starting Test on TC_003_LoginDTT ****
19:31:05.506 [main] INFO  testCases.TC_003_LoginDTT - **** Test Completed on TC_003_LoginDTT ****
19:31:05.507 [main] INFO  testCases.TC_003_LoginDTT - **** Starting Test on TC_003_LoginDTT ****
19:31:08.182 [main] INFO  testCases.TC_003_LoginDTT - **** Test Completed on TC_003_LoginDTT ****
19:31:08.184 [main] INFO  testCases.TC_003_LoginDTT - **** Starting Test on TC_003_LoginDTT ****
19:31:10.239 [main] INFO  testCases.TC_003_LoginDTT - **** Test Completed on TC_003_LoginDTT ****
19:31:10.241 [main] INFO  testCases.TC_003_LoginDTT - **** Starting Test on TC_003_LoginDTT ****
19:31:12.554 [main] INFO  testCases.TC_003_LoginDTT - **** Test Completed on TC_003_LoginDTT ****
19:31:12.556 [main] INFO  testCases.TC_003_LoginDTT - **** Starting Test on TC_003_LoginDTT ****
19:31:14.792 [main] INFO  testCases.TC_003_LoginDTT - **** Test Completed on TC_003_LoginDTT ****
19:31:14.793 [main] INFO  testCases.TC_003_LoginDTT - **** Starting Test on TC_003_LoginDTT ****
19:31:16.969 [main] INFO  testCases.TC_003_LoginDTT - **** Test Completed on TC_003_LoginDTT ****
19:31:16.970 [main] INFO  testCases.TC_003_LoginDTT - **** Starting Test on TC_003_LoginDTT ****
19:31:19.160 [main] INFO  testCases.TC_003_LoginDTT - **** Test Completed on TC_003_LoginDTT ****
