20:46:39.326 [main] DEBUG org.apache.poi.openxml4j.opc.PackageRelationshipCollection - Parsing relationship: /xl/worksheets/_rels/sheet2.xml.rels
20:46:39.326 [main] DEBUG org.apache.poi.openxml4j.opc.PackageRelationshipCollection - Parsing relationship: /xl/worksheets/_rels/sheet3.xml.rels
20:46:39.326 [main] DEBUG org.apache.poi.openxml4j.opc.PackageRelationshipCollection - Parsing relationship: /_rels/.rels
20:46:39.326 [main] DEBUG org.apache.poi.ooxml.POIXMLFactory - using default POIXMLDocumentPart for http://schemas.openxmlformats.org/officeDocument/2006/relationships/printerSettings
20:46:39.336 [main] DEBUG org.apache.poi.openxml4j.opc.PackageRelationshipCollection - Parsing relationship: /xl/_rels/workbook.xml.rels
20:46:39.336 [main] DEBUG org.apache.poi.openxml4j.opc.PackageRelationshipCollection - Parsing relationship: /xl/worksheets/_rels/sheet1.xml.rels
20:46:39.336 [main] DEBUG org.apache.poi.openxml4j.opc.PackageRelationshipCollection - Parsing relationship: /xl/worksheets/_rels/sheet2.xml.rels
20:46:39.336 [main] DEBUG org.apache.poi.openxml4j.opc.PackageRelationshipCollection - Parsing relationship: /xl/worksheets/_rels/sheet3.xml.rels
20:46:39.336 [main] DEBUG org.apache.poi.openxml4j.opc.PackageRelationshipCollection - Parsing relationship: /_rels/.rels
20:46:39.342 [main] DEBUG org.apache.poi.ooxml.POIXMLFactory - using default POIXMLDocumentPart for http://schemas.openxmlformats.org/officeDocument/2006/relationships/printerSettings
20:46:39.346 [main] DEBUG org.apache.poi.openxml4j.opc.PackageRelationshipCollection - Parsing relationship: /xl/_rels/workbook.xml.rels
20:46:39.346 [main] DEBUG org.apache.poi.openxml4j.opc.PackageRelationshipCollection - Parsing relationship: /xl/worksheets/_rels/sheet1.xml.rels
20:46:39.346 [main] DEBUG org.apache.poi.openxml4j.opc.PackageRelationshipCollection - Parsing relationship: /xl/worksheets/_rels/sheet2.xml.rels
20:46:39.346 [main] DEBUG org.apache.poi.openxml4j.opc.PackageRelationshipCollection - Parsing relationship: /xl/worksheets/_rels/sheet3.xml.rels
20:46:39.346 [main] DEBUG org.apache.poi.openxml4j.opc.PackageRelationshipCollection - Parsing relationship: /_rels/.rels
20:46:39.346 [main] DEBUG org.apache.poi.ooxml.POIXMLFactory - using default POIXMLDocumentPart for http://schemas.openxmlformats.org/officeDocument/2006/relationships/printerSettings
20:46:39.357 [main] DEBUG org.apache.poi.openxml4j.opc.PackageRelationshipCollection - Parsing relationship: /xl/_rels/workbook.xml.rels
20:46:39.357 [main] DEBUG org.apache.poi.openxml4j.opc.PackageRelationshipCollection - Parsing relationship: /xl/worksheets/_rels/sheet1.xml.rels
20:46:39.357 [main] DEBUG org.apache.poi.openxml4j.opc.PackageRelationshipCollection - Parsing relationship: /xl/worksheets/_rels/sheet2.xml.rels
20:46:39.357 [main] DEBUG org.apache.poi.openxml4j.opc.PackageRelationshipCollection - Parsing relationship: /xl/worksheets/_rels/sheet3.xml.rels
20:46:39.357 [main] DEBUG org.apache.poi.openxml4j.opc.PackageRelationshipCollection - Parsing relationship: /_rels/.rels
20:46:39.357 [main] DEBUG org.apache.poi.ooxml.POIXMLFactory - using default POIXMLDocumentPart for http://schemas.openxmlformats.org/officeDocument/2006/relationships/printerSettings
20:46:39.367 [main] INFO  testCases.TC_003_LoginDTT - **** Starting Test on TC_003_LoginDTT ****
20:46:41.253 [main] INFO  testCases.TC_003_LoginDTT - **** Test Completed on TC_003_LoginDTT ****
20:46:41.254 [main] INFO  testCases.TC_003_LoginDTT - **** Starting Test on TC_003_LoginDTT ****
20:46:43.318 [main] INFO  testCases.TC_003_LoginDTT - **** Test Completed on TC_003_LoginDTT ****
20:46:43.321 [main] INFO  testCases.TC_003_LoginDTT - **** Starting Test on TC_003_LoginDTT ****
20:46:44.899 [main] INFO  testCases.TC_003_LoginDTT - **** Test Completed on TC_003_LoginDTT ****
20:46:44.900 [main] INFO  testCases.TC_003_LoginDTT - **** Starting Test on TC_003_LoginDTT ****
20:46:47.772 [main] INFO  testCases.TC_003_LoginDTT - **** Test Completed on TC_003_LoginDTT ****
20:46:47.773 [main] INFO  testCases.TC_003_LoginDTT - **** Starting Test on TC_003_LoginDTT ****
20:46:50.520 [main] INFO  testCases.TC_003_LoginDTT - **** Test Completed on TC_003_LoginDTT ****
20:46:50.520 [main] INFO  testCases.TC_003_LoginDTT - **** Starting Test on TC_003_LoginDTT ****
20:46:52.978 [main] INFO  testCases.TC_003_LoginDTT - **** Test Completed on TC_003_LoginDTT ****
20:46:52.978 [main] INFO  testCases.TC_003_LoginDTT - **** Starting Test on TC_003_LoginDTT ****
20:46:55.317 [main] INFO  testCases.TC_003_LoginDTT - **** Test Completed on TC_003_LoginDTT ****
20:46:55.318 [main] INFO  testCases.TC_003_LoginDTT - **** Starting Test on TC_003_LoginDTT ****
20:46:57.601 [main] INFO  testCases.TC_003_LoginDTT - **** Test Completed on TC_003_LoginDTT ****
20:46:57.602 [main] INFO  testCases.TC_003_LoginDTT - **** Starting Test on TC_003_LoginDTT ****
20:47:01.524 [main] INFO  testCases.TC_003_LoginDTT - **** Test Completed on TC_003_LoginDTT ****
