22:52:13.082 [main] DEBUG org.apache.poi.openxml4j.opc.PackageRelationshipCollection - Parsing relationship: /xl/worksheets/_rels/sheet2.xml.rels
22:52:13.084 [main] DEBUG org.apache.poi.openxml4j.opc.PackageRelationshipCollection - Parsing relationship: /xl/worksheets/_rels/sheet3.xml.rels
22:52:13.084 [main] DEBUG org.apache.poi.openxml4j.opc.PackageRelationshipCollection - Parsing relationship: /_rels/.rels
22:52:13.086 [main] DEBUG org.apache.poi.ooxml.POIXMLFactory - using default POIXMLDocumentPart for http://schemas.openxmlformats.org/officeDocument/2006/relationships/printerSettings
22:52:13.090 [main] DEBUG org.apache.poi.openxml4j.opc.PackageRelationshipCollection - Parsing relationship: /xl/_rels/workbook.xml.rels
22:52:13.090 [main] DEBUG org.apache.poi.openxml4j.opc.PackageRelationshipCollection - Parsing relationship: /xl/worksheets/_rels/sheet1.xml.rels
22:52:13.091 [main] DEBUG org.apache.poi.openxml4j.opc.PackageRelationshipCollection - Parsing relationship: /xl/worksheets/_rels/sheet2.xml.rels
22:52:13.091 [main] DEBUG org.apache.poi.openxml4j.opc.PackageRelationshipCollection - Parsing relationship: /xl/worksheets/_rels/sheet3.xml.rels
22:52:13.091 [main] DEBUG org.apache.poi.openxml4j.opc.PackageRelationshipCollection - Parsing relationship: /_rels/.rels
22:52:13.094 [main] DEBUG org.apache.poi.ooxml.POIXMLFactory - using default POIXMLDocumentPart for http://schemas.openxmlformats.org/officeDocument/2006/relationships/printerSettings
22:52:13.098 [main] DEBUG org.apache.poi.openxml4j.opc.PackageRelationshipCollection - Parsing relationship: /xl/_rels/workbook.xml.rels
22:52:13.098 [main] DEBUG org.apache.poi.openxml4j.opc.PackageRelationshipCollection - Parsing relationship: /xl/worksheets/_rels/sheet1.xml.rels
22:52:13.098 [main] DEBUG org.apache.poi.openxml4j.opc.PackageRelationshipCollection - Parsing relationship: /xl/worksheets/_rels/sheet2.xml.rels
22:52:13.100 [main] DEBUG org.apache.poi.openxml4j.opc.PackageRelationshipCollection - Parsing relationship: /xl/worksheets/_rels/sheet3.xml.rels
22:52:13.100 [main] DEBUG org.apache.poi.openxml4j.opc.PackageRelationshipCollection - Parsing relationship: /_rels/.rels
22:52:13.102 [main] DEBUG org.apache.poi.ooxml.POIXMLFactory - using default POIXMLDocumentPart for http://schemas.openxmlformats.org/officeDocument/2006/relationships/printerSettings
22:52:13.111 [main] INFO  testCases.TC_003_LoginDTT - **** Starting Test on TC_003_LoginDTT ****
22:52:14.676 [main] INFO  testCases.TC_003_LoginDTT - **** Test Completed on TC_003_LoginDTT ****
22:52:14.679 [main] INFO  testCases.TC_003_LoginDTT - **** Starting Test on TC_003_LoginDTT ****
22:52:16.024 [main] INFO  testCases.TC_003_LoginDTT - **** Test Completed on TC_003_LoginDTT ****
22:52:16.026 [main] INFO  testCases.TC_003_LoginDTT - **** Starting Test on TC_003_LoginDTT ****
22:52:17.432 [main] INFO  testCases.TC_003_LoginDTT - **** Test Completed on TC_003_LoginDTT ****
22:52:17.435 [main] INFO  testCases.TC_003_LoginDTT - **** Starting Test on TC_003_LoginDTT ****
22:52:18.787 [main] INFO  testCases.TC_003_LoginDTT - **** Test Completed on TC_003_LoginDTT ****
22:52:18.791 [main] INFO  testCases.TC_003_LoginDTT - **** Starting Test on TC_003_LoginDTT ****
22:52:20.287 [main] INFO  testCases.TC_003_LoginDTT - **** Test Completed on TC_003_LoginDTT ****
22:52:20.289 [main] INFO  testCases.TC_003_LoginDTT - **** Starting Test on TC_003_LoginDTT ****
22:52:21.734 [main] INFO  testCases.TC_003_LoginDTT - **** Test Completed on TC_003_LoginDTT ****
22:52:21.737 [main] INFO  testCases.TC_003_LoginDTT - **** Starting Test on TC_003_LoginDTT ****
22:52:23.484 [main] INFO  testCases.TC_003_LoginDTT - **** Test Completed on TC_003_LoginDTT ****
22:52:23.489 [main] INFO  testCases.TC_003_LoginDTT - **** Starting Test on TC_003_LoginDTT ****
22:52:24.851 [main] INFO  testCases.TC_003_LoginDTT - **** Test Completed on TC_003_LoginDTT ****
22:52:24.852 [main] INFO  testCases.TC_003_LoginDTT - **** Starting Test on TC_003_LoginDTT ****
22:52:26.258 [main] INFO  testCases.TC_003_LoginDTT - **** Test Completed on TC_003_LoginDTT ****
22:52:26.259 [main] INFO  testCases.TC_003_LoginDTT - **** Starting Test on TC_003_LoginDTT ****
22:52:27.681 [main] INFO  testCases.TC_003_LoginDTT - **** Test Completed on TC_003_LoginDTT ****
22:52:27.683 [main] INFO  testCases.TC_003_LoginDTT - **** Starting Test on TC_003_LoginDTT ****
